
> react-typescript-starter@0.1.0 test
> react-scripts test --coverage

Browserslist: caniuse-lite is outdated. Please run:
  npx browserslist@latest --update-db
  Why you should do it regularly: https://github.com/browserslist/browserslist#browsers-data-updating
PASS src/arrays.test.ts
PASS src/HtmlCss.test.tsx
PASS src/text.test.tsx
PASS src/App.test.tsx
-----------|---------|----------|---------|---------|-------------------
File       | % Stmts | % Branch | % Funcs | % Lines | Uncovered Line #s 
-----------|---------|----------|---------|---------|-------------------
All files  |     100 |      100 |     100 |     100 |                   
 App.tsx   |     100 |      100 |     100 |     100 |                   
 arrays.ts |     100 |      100 |     100 |     100 |                   
-----------|---------|----------|---------|---------|-------------------

Test Suites: 4 passed, 4 total
Tests:       18 passed, 18 total
Snapshots:   0 total
Time:        3.418 s
Ran all test suites.
